{"state-name": "", "newspaper": [{"facebook": "http://www.facebook.com/pages/The-Golden-Star/146914265388935", "city-county-lat": 51.2961, "media-subclass": "city-county", "website": "http://www.thegoldenstar.net/", "city-county-name": "Golden", "name": "Golden Star", "rss": ["http://www.thegoldenstar.net/opinion/index.rss", "http://www.thegoldenstar.net/opinion/letters/index.rss", "http://www.thegoldenstar.net/community/index.rss", "http://www.thegoldenstar.net/news/index.rss", "http://www.thegoldenstar.net/sports/index.rss", "http://www.thegoldenstar.net/entertainment/index.rss", "http://www.thegoldenstar.net/lifestyles/index.rss", "http://www.thegoldenstar.net/business/index.rss"], "city-county-long": -116.9631, "video": "", "media-class": "newspaper", "twitter": "http://twitter.com/#!/goldenstarnews", "open-search": []}], "radio": [], "tv": []}